no
no
no
no
no
no
no
no
no
no
no
no
no
no
no
no
no
no
no
13
