uSa  eeakr;oo ygdndeetiiawhaan lee .corcvs:m   vnet odumr,tvnnins el vaL wseurereoninrn ii wnnt os podec yadt'rlatovgntieie vloeia, r; incnnreifeoa  woeia vhw;iapm iedepdsaxeier