58806
1523990
16012002
1722
846400920000
975843882
15207452442
1532944848762