06af9b 580944
14ded7 1755540
85272e 0
9bf970 654591
Jude 1141630
fd3139 218295
