0576db 1294320
19904e 190480
237e24 1061840
34c75f 325733
6d66b3 70195
7e6daf 7233996
Jude 10108480
b107af 1314824
bd29a6 17156
e1fc7c 172636
fbcf09 552140
