0fd66491df 582579
1694ad7b02 25326
190bca8d62 2053649
1a3f3b353a 1372073
1b0b07f85c 53074
1fb52560ad 16375737
336ec49109 21052
3565c558bb 335268
38d031d536 4320
3a343b529a 414157
3c14f971ee 1001198
4098c65988 509896
5e853ef0bc 33247
63c910289e 8574528
65901e885e 52450
661f3b069a 329328
6852aebfc5 172334
6a1c528626 931086
6c68065739 158290
73bb6b28b4 465636
7527eedcd1 2909
771faab05a 1142775
773a82eb29 151254
824efd8b5f 601950
8516c8f825 1650168
8844c15c4e 209664
899007abaa 167968
8b1417fe7e 322443
Jude 34026120
a6aaee2608 672226
a7efedef3b 272141
a87463f371 125731
a8ce7cfb0e 705502
ae26dc8d59 1865450
b4f8a819ed 105527
b7a9d41ccd 2712933
bd97b36e57 3876740
c37495dc06 19226
cc9d408e6e 80176
d0cac620f4 3264588
d376515445 4213314
d3bc2bad62 1035396
d606db32d1 1709
dd755b75bb 1786510
de75ed29e5 0
e313048e43 10557
e4b592f3ff 668882
e71d1166fe 156688
f3400c32e4 63378
fdb2dfd688 512820
fef8021866 710128
