002f2b 8088
005371 0
008ec7 0
00f2b5 0
011020 4
011ba0 0
01fbf6 26885
025bf7 9
025f01 0
029467 0
029565 36281
02aed1 4918
030184 98134
03574f 16160
0368a8 21131
038121 1867
03824a 100290
03a0da 0
03c63b 39
03e0c3 102
03fe43 0
0423e3 10017
042db8 432
04b8d6 0
05737c 2471
059f86 180
05a47b 542185
065f1d 210
068f71 5
06dfeb 600
07511a 10928
07a6be 1485
07a8ba 5606
07f0de 0
083af8 2613
0856f5 245
087d0e 2616472
090018 86751
09404d 152
09a1a3 82
09aa98 4486
0a095a 9400
0a26d8 5613
0a62ee 15105
0a91f2 140497
0aad51 0
0ae349 43
0af646 13
0b2392 0
0b25c8 241904
0b55dd 1242565
0bb722 315862
0bbacc 3625
0c134c 324
0c7eee 11343
0cbd77 55064
0d36a7 188421
0d4907 14
0d64a1 0
0d880b 10133
0d8ed5 3721
0ddc74 950470
0de6a9 733330
0e1bc8 0
0e5269 60628
0e8539 0
0f2526 0
0f26e2 497
0f8fec 22094
0f91f5 69584
0fcfc8 62
0fe3ba 249
101fb6 6562
1072ab 0
10737f 328
10d18b 0
110db6 0
1115cb 846537
1127e7 0
11284b 1997
11c9c0 5986
11de34 11
125c39 15688
132ba1 0
1381dc 3159
13c6ff 12566
13cce9 0
14aa5f 0
14c830 0
154f6a 0
158b6e 56349
15ca50 6012
16bd76 1590
17b4af 170884
17e5c4 387
1810aa 0
182a3f 8857
184733 44302
184ebf 305
18a890 32646
18eb30 100
18ef0c 1650
192591 74128
1956dd 472763
19874b 160624
1a325d 46662
1a820f 307072
1aaa04 0
1ad5dc 39
1ad639 1195
1b2120 42023
1b9d3d 0
1bc029 40411
1c5976 200980
1c5d6b 18829
1c8356 0
1cfa77 65050
1da098 169316
1df32f 118446
1e97d9 3
1ef92c 1
1f2c5a 475477
1f5017 0
1f83d1 404
1ff109 16138
20b7f9 683
20e9d1 3394
211aa8 17072
2153db 3840989
22257a 31
222749 20
224f9c 0
22880b 1644
22a612 6227
22b8c9 15387
233358 2273016
2335b2 615
234ebc 1175197
236dc0 7486
241fe1 1765
249308 6
24a967 129688
24e180 81
252051 171
255774 11930
263925 17294
26612d 7
26aa15 347432
2779a2 0
27a707 14006
27d16c 78726
27dc4e 0
280326 7
28938e 13524
28cc6d 12
292a6c 2
299508 24465
29a3fe 2
2a6ca1 11648
2a73b8 0
2aa57c 0
2b20e5 201
2b4f7f 3557
2bd8f3 9303
2cd5ff 760
2d0757 48249
2d17fc 5848
2e0079 206770
2e2310 48
2e7409 0
2e8656 1519746
2eadf0 35846244
2ee53d 35
2f3391 15
2f44ff 89539
2f6399 0
2ff0d1 95067
30d245 0
3161a7 378
317d65 4667
31ebf4 314
321765 65796
326cb3 0
327edb 272506
33550b 654695
336183 0
33c811 48809541
33e67d 2854434
34303c 4722
3448e8 83532
346a93 1129897
348ca0 24789
349923 0
34f5e4 15
350152 370262
353b6f 81419
355a95 0
359200 634
3592e9 128399
35fe09 855095
360073 0
362567 11
366e97 604
36b56c 0
373bec 0
374788 601
374fb6 1
3765cf 35
37b191 701
38111e 8
38acc2 18412
38b7f7 0
393e96 122
398be1 0
3a1075 0
3a193e 0
3ac27a 463
3ace1d 0
3afcb5 280106
3bf645 0
3c48e2 0
3c5ee4 29
3c65e3 1957200
3c6aca 0
3cd4f9 685158
3d02d8 74
3d10ff 1793
3d4c35 278188
3d68f0 135389
3d8441 0
3d8d6c 70
3de7aa 18
3e3e15 3061
3e41df 0
3eca32 0
3edfaf 8583
3ee181 2
3ef402 15120
3ef6d1 226052
3f3913 0
3f6073 83
3f61a4 4233
3f77c1 2905
3fc5d8 0
4019d5 890084
405e2b 0
4062f5 233553
40684f 0
408389 818
40891c 0
40f058 475310
40f322 87
41523a 5456
416821 0
41a389 18
41bb5f 121147
41bb71 2714
41c87c 0
42d3de 184
437080 156
438cea 45385
43a081 1504250
43acf5 5
442ec7 2114250
445031 0
44e356 0
44f29e 7478
4598df 0
45d61d 2329
45f240 2757
4642eb 57
46468b 0
46ff44 518232
47c683 14897
47e822 7240
480d4c 45332
4818ae 15919
481afc 8501
48d37d 0
48fbee 21347
4910bd 30909
49330b 23
4935c3 0
493eac 129969
499401 1888
49bb10 1225
4a5cad 790
4b88e9 4578
4ba438 515
4bb65e 47
4c4301 259
4d83dd 18
4e502e 204
4e6d34 3272
4f4a4c 56940
4f8307 707
4fa532 1426
507836 71336
50af7d 102
50b59d 22073
50bcd5 76893
50fe7b 47538
511291 54058
5126fc 38004
512e93 434795
51499a 15537
5253d0 5379
529cd0 0
52dce7 0
537ffe 32607
5392bf 13864
53f6a4 262
53f907 4309
543eb5 190
548c65 21
553f17 601
558993 14555
56445a 1812
567721 1
568f04 5309
569c7d 0
571dc1 0
571fca 0
57b150 747691
57b2c4 6633
57f4f0 14458
57ff5d 28483
58184d 8870
587d93 1284
592cf8 102879
596d3e 782274
5984cb 66225
5a5f9b 99
5b1097 2048
5b5ba5 7
5b6e3e 6544
5ba5af 35848
5bac38 2864
5bba32 67
5bbf1b 0
5bf8d8 14989
5c1af6 389857
5c3326 20697
5c3645 135
5c36eb 73077
5cdd46 0
5d1582 1695
5d369c 0
5d643a 53
5d959e 37529
5e07b0 68628
5e0a8a 0
5e3a6d 90543
5e923b 316
5ef65b 23184
5f37d3 6898
5f4d80 1
5f6031 8020
5f6e72 7
5f8800 1626
603bd6 17
6063d8 357
6070bf 0
611c5c 5829
6184c3 17
618750 611906
61a6a6 2818
61c8ca 231821
61d0c5 7700
626cdf 53276
633e10 0
638c01 12
63a34c 98415
644df5 0
647297 1617
64c92b 225
657a63 2
66044e 94973
665794 49391
66b219 0
66e0cd 391
6731c7 3861
677863 559
67d37c 20202
67e40a 1025
6838f8 0
685c29 95
6882fc 11
688717 18423
688fdf 0
68f28f 28
6917df 0
694b8d 2077
69509c 0
698558 0
69a2b0 0
69b665 0
69c80e 0
69c910 1099
6a1d0f 1627426
6a7cc9 584831
6a8c73 0
6aa06f 3310
6ab1cd 0
6ac519 0
6ae88e 53804
6b0f7c 379
6b1989 21
6b1e01 0
6b6f58 349
6b9cf3 17733
6bd6ec 0
6bfcce 0
6da554 857
6dbfc1 114090
6e27a2 49620
6e2907 13
6e4515 0
6e5de1 4665
6e71da 0
6e92cb 1819
6fa07d 349
703ae1 297
70bdf0 1868
70d47c 0
713610 50951108
716ed8 101876
71d82e 2502
7253b0 0
7268ca 383
72bbeb 3641
73154b 2344
732289 9127
732623 3818
7372b1 1015487
73c85b 541833
73c878 18
73dd5d 330
74181e 0
74c905 7840
74fcdb 0
755cc4 0
75ab25 4
75ffd2 0
76393e 3752
765353 129976
769110 33453
77df4c 43710
780a72 0
78b1a4 84
78d386 1
79862f 205
79eff1 0
7a203e 1074
7a2602 0
7a4e70 6281
7a718e 28
7aa15a 311911
7acefc 5527
7ae787 317
7b1039 68697
7b12b0 3700023
7b7e47 245
7b85c6 452
7bcf71 1
7c5703 132
7ca619 1883
7cb6b9 0
7cda9d 24964
7d0fcc 110440
7d3c39 90
7d4351 245596
7d767e 0
7d775c 66
7d7881 45
7d9173 3205
7df6ec 239
7e01e5 224769
7e8112 91748
7e90be 173186
7eb0fd 0
7ee368 0
7ee848 37174
7f30d5 14
7f597d 37423
7f6429 273
7f932c 107185
7fa5f1 0
7fab90 36
7fe17b 70631
80409b 16200
8087bc 98
814500 626286
816d60 49
816fe0 2492
81e3d9 0
81ee36 2971
826029 0
826c49 0
8275cc 91
829173 1715
82b450 2945
82b991 62998
837451 303
839720 38
83bc02 8196
83e21a 0
841b58 441552
841c32 447
84714c 344
848447 17172
84c961 240
8508b8 12876
855c99 0
85bba6 29
8610fe 118575
8612ff 0
8659bb 0
86d962 1784
86e239 0
8726f9 1017
875775 0
87c814 15897
87ed14 271
8808bc 259
884872 2774
8861a1 97
886c30 0
888940 2075
889306 0
88a52b 360714
8911bb 0
893b3d 19445
8a8224 3314
8aa48e 0
8ab175 8120
8b74ac 59897
8bbb61 615
8bede1 0
8c9f15 84
8cb293 0
8cc8ea 1647
8d05c2 10840
8d0e39 104
8d1b28 367
8dca60 0
8e085f 160
8e70f2 80
8ec3dc 83838
8f1d2d 3531
8f92ee 3
901235 2
9031bd 6724467
903b7a 7
903e2e 0
9053b8 147
90bfb2 13284
9118f4 4433
9155d9 4659
91b40d 0
91b48c 0
91cd45 0
924246 70304
9271b4 0
92864b 8
92c04a 4
936274 236
937899 12763
93e2c2 53
93e34a 41
941acd 7
942456 0
94be74 0
952c9f 6
953acc 241
9561d0 154
957bf3 75340
957d45 3285
958b00 0
95b3b5 0
95e79d 8480
960206 0
965ca4 0
96a9d4 74971
96b348 457
9737ac 0
97481a 96879
974964 1292
97aa8c 61236
97ed9a 53
980774 15567
982ff5 411479
9895ce 3767
98d1cc 9
98e352 860832
9913da 0
9914ff 469
9922f1 25205
99a0a3 0
99b07c 256
99e857 22
9a0b36 39556
9a16fb 11
9a19c8 0
9a30fe 40573
9a52f5 950
9ad758 0
9bae1f 200
9bf1fb 5
9c5d8c 261598
9cb394 0
9ce2be 5886
9d1e8b 125630
9d23ca 1
9d279d 14699
9d3a5b 5921
9d3c24 0
9d546d 0
9e326d 10938156
9e4d5f 38572
9e89d1 3462862
9eb8f8 143719
9f200d 72
9f20b4 185
9f3897 189
Jude 471319355
a09998 125
a09dfe 14698
a0ef64 0
a1d593 0
a1f3cd 428868
a1fd7b 42951
a234e7 2093
a27013 0
a2b2db 0
a3b5dd 2380
a3ba01 0
a42ef9 0
a454c1 953183
a4826a 0
a4b372 46405
a4d53d 12507
a55d3b 5524
a59e30 2211
a59e8a 2651
a5c268 522
a5f2d9 1586
a65825 729412
a6a3f8 0
a795be 0
a7caec 11269
a847ea 0
a84a31 2
a85993 157
a87e21 1504
a89a6e 4890
a9105c 657637
a9290a 0
a92933 1950
a99c2a 686
a9d06f 689
a9dd7c 599022
aa161e 3714
aa4fbb 1715
aac16a 0
ab8486 490
ab8809 5457
aba496 132
abffb4 1141
ac200c 993220
ac2e98 0
ac2f67 9402
ac6fe1 0
ac8509 1
acc8e2 816067
ad4cd3 1400359
ad71ec 0
ad8fed 5145
add359 15464
ae375e 0
ae4102 0
ae6ae5 20977
ae84c5 5
aea6c1 0
af0ae7 14282
af5d1f 0
af799a 12
aff54c 15
b0261a 46491
b05dee 82045
b0866d 731
b0dd82 273565
b0e17d 42258
b0ea97 17461
b113bf 1
b178a5 663
b191bb 785
b19555 95618
b21948 45
b250b5 21629
b2589f 307578
b272fc 61
b2a5ae 0
b2d190 1375
b42dfa 1324385
b44d57 1224
b48d3d 17954
b4a5a7 48225
b53f08 60603
b53fbd 38417
b65095 20233
b664c7 18873
b6f9e0 52
b72aee 13912
b763c4 1132
b78be1 3845
b79ddb 4548
b7bb8b 13950
b82e03 0
b86031 59
b8d2a7 108594
b93d1c 27175
b95cf7 178980
b9a3be 1238
b9af16 440744
b9c5e7 0
b9f408 82549
bab4b6 7358
babfff 17315
bb2a4c 89
bb7ee4 1
bb8ff7 71
bba636 661764
bbd086 15823
bbf701 25533
bc2ad7 16894
bc73d1 56
bd1736 479113
bd58ff 0
bdf006 13
be26fe 4500
be3dc6 10
be60f9 8626
be654b 426553
be9e26 11168
bec1af 0
bec35b 0
bf1f6f 3242
bfaac3 5704
bfc7e2 17946
bfe482 1
c01b73 0
c021fe 247
c05e1a 572
c06a94 306479
c07e39 17330
c117b7 1873
c1e2ec 1032
c20a0d 0
c24032 0
c27580 2663
c294ba 228145
c29cfe 1859
c30d3c 12
c39472 9304
c40570 0
c4507d 62662
c466c8 9074
c4b841 0
c5ed42 281987
c64b95 11769
c6644b 2948
c696cb 0
c6bdc3 0
c6db6e 21447
c6eb6b 0
c718d1 441
c7740d 47
c7b1f6 70
c7ef88 60304
c805df 0
c8dc0a 0
c9070a 99
c93254 162582
c93b33 69
c96eb9 22735
c97abb 11815
c9bc31 345860
c9ef78 62420
c9f690 22
ca258e 274022
ca75eb 5721
cab00b 218745
cb51c7 111542
cb650a 2595
cbb5a1 80079
cbe8d3 15
cc24fe 207
cca168 59
cd0184 0
cd1816 4447
cd2f6a 1182692
cdb419 0
cdf0db 61075
ce5cfe 140211
cea729 6
cf0198 0
cf2e28 82741
cf3bce 18
d0a7e5 846829
d0ace5 2184
d0d5b4 0
d0d8b0 0
d0f91e 377721
d14512 0
d19357 0
d1a247 1569566
d1b537 141676
d1c67f 182763
d2ac49 0
d2ba3b 46724
d2c1b9 184559
d2df2f 0
d37d7f 134783
d37f53 0
d38ea6 0
d3a9a4 8
d3b578 45541
d3ce03 19929
d3de48 94067
d3e568 27159
d451cd 51
d4e194 0
d52348 32805
d5f001 79851
d65675 326
d69b37 33306
d75cad 130804
d76a1f 0
d776ef 194
d81a31 214462
d82f75 15468
d8379d 210746
d854a5 0
d88a75 18
d8b723 17740697
d8b8d8 0
d8c012 2
d8f7ec 3
d9136d 225
d936ec 2
d974fe 89
d97630 9752
d9ba7c 0
d9f6e4 869
d9ff8d 0
da368a 0
da8069 14
dadd15 1002
db159b 3884
db5992 3171
dbf185 118654
dc0d90 89
dc67dc 1
dc758a 7864945
dc86c3 23390
dcbc61 12087
dcd43d 49
dce1db 277
de39b1 0
de8a09 149696
de9c58 161
debf48 0
dec17c 77421
def53c 0
df937c 0
dfa6ed 33357
dff5fc 11
e049be 55
e0c217 58
e1c438 990
e1f668 3642307
e204a2 479
e2733d 92
e29a66 194118
e2aac1 138
e2edde 0
e30e85 61949
e38d31 0
e3a5a2 10953
e3c830 5704
e3cb0f 2264
e3f67f 5175
e3fda0 0
e40cef 323040
e4a17e 17934
e4a529 55762
e52a97 1
e573c2 346
e5b834 0
e69211 1376
e7017e 68572
e77211 95
e787a7 84321
e7e671 85
e8c7e5 150919
e8f9f8 0
e93d5c 34742
e98326 3562
e9a4ec 660
e9a8f4 31
e9d770 0
e9e046 85
e9e0a5 46186
ea5faf 220014462
eaf696 204
eafe47 47648
eb08ff 777565
eb4a44 177531
eb5723 3
eb8b5c 371
ebc5af 0
ebdb7d 0
ebebc1 0
ec251c 18628
ec81f5 33959
ecb6ed 11209
eceb93 8079
ecedb1 275
ed34d4 209840
ed3cc7 399528
ed3cee 120105
edeab3 35
ee2d48 0
ee4700 1840
eeedd4 402990
eef87e 3224791
ef4fd7 157671
eff5b2 141
f0076e 2776
f05101 3
f0b043 11
f0bf50 0
f0c7ab 0
f1169a 6943
f1c052 19
f1f882 11
f25bbd 35182
f27d37 49390
f34f6c 15504
f35063 1897
f36484 17195
f36d6d 3022
f37949 14761
f49ea8 29954
f4f21e 52
f505f9 32003
f50a56 2834
f56ece 9581
f5a78f 4528
f5f9ee 24
f607b9 0
f616f7 12672
f62f23 0
f6333b 2
f6600f 4
f6b19e 0
f6fdb0 0
f71005 25901
f76812 269928
f779af 37554
f77c67 0
f7fd85 681625
f86483 7
f87ca3 0
f8ab8a 1045
f8bd02 0
f95d0d 1299793
f96336 0
fa04d8 9510
fa0d41 0
fa368c 9938
fa36b8 13560
fab1b7 241
fab2da 2767
fb115f 8664
fb29b2 1129
fb3fd0 10148366
fb478f 41
fb94e1 0
fba4af 492317
fbaa27 829
fbcf8f 1046728
fc0f73 4
fc86d8 0
fd625a 86765
fdb6e6 6858
fe2ab6 2641
fe3e68 13157
ff69ef 0
ff72b7 58
