0051a4 1448
00648a 0
0102ae 160
01a981 240290
01ae00 68621
01b062 94824
01b771 0
01e85e 168
01ffc4 20454
020517 0
023138 536
028253 4645
03130a 478
0384b6 86867
03a034 13837
03c08f 41217
03c9be 74674272
041a84 143279
046ec9 43043256
04920e 21599
051fa1 293
055578 165615
05f98f 4086
061b93 27080
065802 203870
06644f 0
06b7e0 23791
06b896 38753
06f15b 117982
06f470 587509
07d140 3989
07ff57 847705
081782 347551
087f00 13354
08ce1e 0
0985c1 807178
09b812 29915
09e110 0
0a09be 955567
0a9f5e 52244
0b3a98 2371161
0b6307 0
0b8467 45451
0b8556 17118
0ba2a5 0
0beeb3 0
0bfb07 672
0c18aa 22410
0c4089 0
0c4838 4214
0d8408 4797
0dcb31 0
0e8867 0
0ed766 24285
0f0e09 4041
0f3a57 0
0f5f02 4405
0fb3c9 188
0fca2f 239
102efa 127069
107111 281
10720d 146
10c663 2105
10d5d8 50
119991 15109
11a87f 0
11cfd8 3
120652 391
122e68 0
123c52 4610
127b23 103672
12915d 496
12b535 2046458
12bb7b 109
12fee3 187
1326bf 15404
134a37 111
134dd2 3882717
136ad4 2
137bd5 254881
139690 36844
13df55 109666
13ef87 27323
141f7c 36530
147631 558
14b8cf 120
14e767 2275583
14f74a 89621
150700 351709
153a05 0
15ce5e 4749
15f663 6563
15fd4a 8713
1631d2 0
16b410 165147
16ebf0 1466
172d02 0
17e4c8 27125
1846d4 540
188736 448
18b0b5 0
18b7eb 17705
18c854 0
18ff2a 28706
196926 0
196d88 21541
199084 24815
19fb08 510
1a03ec 3532
1a51f9 1303
1a6b34 7630
1a7c20 6813
1a8573 32711
1ac39d 1251243
1ad87c 70771
1af2d1 1907
1b2154 459
1b67fd 1697634
1c2795 1776
1c35b3 0
1cf40f 421945
1d3635 1072
1d6f8e 447
1d845b 4750
1d94e0 462057
1db9f9 0
1dba8b 97420
1dbd99 12094
1e68d7 0
1e9308 0
1eccc2 0
1ee9c0 231762
1f1db8 419781
1f4654 322
1fb4a0 62
1fda44 0
203014 0
20f313 42
216021 1
2163ab 0
21a129 24441
21d62c 206083
21e54e 26059
2204a8 2286
224dd7 0
224dfc 15960
22c636 29075
22cf5c 4271
230bc4 0
2355db 211300
2383c8 23350
23eca0 10423
24059c 0
24171b 4611867
2471d1 37503
24b06d 721765
24bdeb 28313
24c5e4 11639
24cb8e 13324
24cbcd 66591
24e9e3 79
25211f 30345
254238 30345
25d17d 0
26263f 0
264157 0
265786 7574
266d91 23
26b285 3330
26d15d 8421
2715bb 2401
27fa4b 6880
28a466 402904
28c3e3 0
28c695 23265
28cf88 29489
28ec22 388639
28edef 29132
291226 33026
2951fa 0
2960ec 320834
29660a 0
296dd0 69402
2989d0 0
29a6f6 444
2a6772 4053
2a90f0 180
2ac89e 14068
2b214b 3563728
2b51b7 5994
2b5506 23466
2b64ec 3665
2b8541 0
2b8ba9 42897
2bb103 41802
2bd846 1932
2c9385 108904
2cc4d6 4415
2d120b 58996
2d1703 2739134
2d5736 0
2d78df 0
2dcf1c 67
2ec289 13294
2f769d 1016
2f8749 103475
2fae95 393283
307b9e 2123
315bfd 0
3176cd 35512
321450 7163
32cfff 53428
33506a 0
337ec9 8364
33a20b 7125
343a63 39654
3458e9 26
34781f 5173
34e068 1402
34ef1d 2400
34f56f 2273
3509ef 80637
36409b 0
365fb7 812
36a109 0
36f97e 307196
3717a2 157086
372a6c 22053
3765f6 128092
38cae9 1549
38d111 9995
38e8d5 802
3914a7 5451
392488 2105
39aecd 451
39bd61 1288
39d9a6 2813
39fc99 38158
3a411e 1411
3a9014 264
3aa187 964963
3ab0ee 1144479
3aceb4 10687
3ba3e5 84146
3c0902 381
3c7ce8 16763
3cdcc8 0
3cf483 182
3d2611 0
3d3da3 428
3dab73 0
3e0070 5182
3e13d6 3401
3e1990 6
3e69bb 0
3e7397 9052
3edb76 0
3f024c 6240
3f59ff 0
3f7f93 23178
3fb94e 26
400e3f 98
40b750 5828
40c90c 4665
4110af 12615
414953 508413
41aa2b 180
4205c9 2233
42279c 2365
423e0e 308
42965b 15087
42b4fd 0
42b664 76245
433395 61975
435314 4181
4360b2 431
43a3df 21604
43c412 83
43cd74 121311
43f7ad 0
445e7a 0
44a7a6 177
44f605 0
45063b 21001
457265 1039
45a109 1792
462379 10286
4635b8 8185
46455e 74026
470324 3951
47870c 0
47f451 26745
4866ae 2372
48ba42 28
48c69d 2777
48cece 6345
48df94 123684
490680 64538
491656 503
492e5a 3451
494ca4 11747
494dac 3802
495659 1902
495dc9 0
498686 1064899
499b7a 10473
49d976 7130
49db46 0
4a046c 0
4a106d 38224
4aadf0 2023
4ae0d3 17778
4aeafa 0
4b4ca1 14326
4b4d64 3070
4b6d57 0
4bb074 434719
4bba4e 0
4c6b73 76681
4cab23 5654
4cab5f 8590
4cbe74 0
4cd0ec 0
4ce767 14283
4d5470 60234
4d606a 2035
4d62e3 1378
4d7640 4925
4e35a5 0
4e4ef8 17565
4e9c39 1247
4ff673 54299
501fd1 3880
507bc4 0
508423 8426
50903e 927
50d12a 15356
51798e 53305
5194f3 13732
51b313 6407
52221a 15624
523a7f 0
524c5d 458009
528b54 18717
52c03e 12436
52d924 1199
52dc99 250251
53013d 729847
530dbf 194
5329bb 1872
53eb3a 263
540c35 384329
5461ec 796
54a1db 2043
54bf95 1349
54c720 0
54ed63 19
54f78a 7817
55bc6b 1219
55bd02 58582579
55c28c 1617
55e64c 491
56166d 11691686
561b5b 0
568f3b 0
576700 3325
579f23 0
57ce29 2288
57ee92 62830
58163c 396
58272d 620
5839af 10170
58692a 0
594336 0
5949ac 0
59e7e4 0
5b3b8e 276
5b5efe 2566
5b71b7 0
5be390 5072
5c54b4 0
5cb592 4292
5ccf4f 32588
5d1304 533103
5e6657 109112
5eb3f6 0
5ec944 572789
5f3738 920
5f7429 0
60318f 602972
6045bd 145726
605fa9 54
606e0e 2443
6071b8 3535
607257 0
608368 154710
609e59 6552
60dc0f 0
60dcc0 1458940
60ddb3 37990
6100a9 0
61dbde 22778
61e0ad 0
6261f6 2463
627288 12635
62b274 0
62ce5a 0
632505 4753
6329ae 609
63827f 1717
63d3e2 0
643171 120
645c7f 42480
64b111 132
64ece1 438656
650e7f 1
652aa0 116849
65493f 12621
6551ae 115922
65913a 4988
667549 33801
669408 0
66f69a 0
67108f 4
6731cf 0
673f45 1065
675f04 0
676945 14579
67ca9a 127405
680195 16916
683312 5313
684885 7556
6870d5 8223
687c72 98641
68967b 266062
68b4fc 730567
6921ee 0
699da3 7530
69b9ee 0
69f8b1 0
6a3738 4927
6aadf4 1295
6b0639 0
6b7159 641410
6be07d 11608
6bf4ca 2561
6bf799 0
6c1b1e 0
6c1c74 0
6c8221 14385
6c979a 6
6cdcdf 331
6d337c 21635
6d4a2d 45215
6d692f 28
6d6ee6 706
6df8bd 0
6e3590 26460
6e8e4f 634
6ea1a3 63776
6ea2e3 82798
6eb853 398316
6f6139 49002
6f69dd 1223
6f7dd9 309
6fa448 5684
6fadec 36742
70298e 226386
70503e 554095
70f7ec 44795
71115e 0
715524 967861
71b1f9 12477
71c623 112157
71f0a6 15259
726b06 0
72a76a 55798
72ad60 87594
730558 55932
735711 0
73a25c 590954
743a65 0
746b32 1894
74cea9 8992
755106 55733
755bad 0
756577 9
75be73 0
769128 0
769eec 313330
76b434 227409
76c6f7 28079
76dee0 3937
7772ff 0
778fe3 137
779c10 0
7818ab 2085
7841e7 53
78c82e 239170
78dd43 220979
790768 1562
79c5ea 4411
79ecd9 2952
7a0e51 2156
7a34d5 256
7a5552 21445
7a663e 62
7a6dbf 0
7a7216 6812
7a8566 6250
7ae088 0
7bb971 49961
7bcc31 5150695
7c0ecd 0
7c80f8 7612
7cb394 1293601
7d47df 0
7d5697 7834
7d5f1f 506
7e157b 72298
7e2ad7 5491
7efce5 0
7fbef8 23402
7fe142 61504
7ff083 524
805716 2442
807fc5 13189
80bae7 0
80e6cc 2290
81140e 19770
819608 418967
81dc51 6590
8270e3 0
82fb98 366178
831ddd 3735
83bae6 9722
83dcdb 214071
83f4ec 5081
843846 37
845a81 0
84602a 616
847bdb 61910
84c8d5 0
8555f1 20456
857081 37851
857e9f 833
85e6c5 63133
85f1f7 0
861a1d 0
8657c3 108999
866197 3998
86a1c0 1397
86b191 783116
86c596 855
873a37 138010
87a2b3 0
8879c7 0
887ead 0
890fef 11224
893763 11868825
897235 342
897cab 0
89d366 0
89f9e5 625293
8a927c 265
8ac2ac 0
8ac4c5 1324
8b5218 3593654
8b5ff9 7440
8b6e21 1046
8b7213 21
8c3f87 918204
8cc9ac 18711
8d0c4b 68555
8da9bf 0
8e0d54 0
8e52b2 12048
8e5542 1264
8ed589 662
8f0a63 0
8f47d9 272432
8fd239 0
9022db 136613
9039ea 1884
904c7e 407690
906776 0
906ec6 669055
90f017 552949
912095 0
91ec68 1884
9298c2 5387
92f7b9 1602
93682d 0
93ae15 0
93b25f 145
93bf20 142
93d1c4 371677
95049e 355
955d5f 94665
958928 5126
9597bb 184386
95b056 529
962546 85136
96b9c5 285292
96db71 602420
973b9c 5697
974964 0
97832f 14032
978a9d 117725
9856d2 1501
986f68 0
98826b 60232
991949 196
9a4176 0
9ac27b 0
9ba07d 20183
9be949 0
9c55bb 11003
9c8781 0
9c8ec6 0
9cac16 38438
9dbdfd 0
9e690d 62830
9f438b 9691
9f710e 4084
9fb038 1230
9fd4b3 58403
9fdf2c 0
9feb67 1398
Jude 373891770
a006cd 4424
a06729 2579
a083c6 3376
a085a6 9936
a19890 143417
a1b455 13
a1e660 2906
a22224 13
a249a1 2314198
a33c55 230
a37dbe 19232
a3a205 0
a3a3f4 7278
a426cd 0
a46b3f 490
a4d4d2 829998
a4ff65 39781
a5216d 127
a57670 296525
a5ef99 168
a5ffa8 218099
a628b6 6395
a62d1f 15478
a6620d 4834849
a665fe 21644
a681b7 0
a6ef1b 285716
a78642 0
a7a113 26960
a7a205 0
a7a3b3 63745
a85270 22392
a8559c 20136
a92101 1001
a99329 364
aa732f 271065
aacfdf 2857
aad26b 544314
ab5b9d 0
ab868a 69303
abe9fc 389
ac6e79 1184105
acab85 369
acc1a8 0
ad1fa7 12295
ad754a 0
adb5f3 0
addb28 0
ae7670 23864
ae8783 1039
af2d4c 7010
af2dc3 0
afef3b 249785
b0918b 68747
b0e080 18833
b10a78 117591
b11b07 328
b11ed5 5152
b12def 297
b1d60f 307567
b2934e 0
b2a5d4 75
b2ad3c 0
b3544d 0
b3c435 0
b3f76d 0
b40525 11608
b496c4 2345
b4cc92 17693
b5e347 818975
b638cb 3883
b670ac 40141
b6ed2f 24474
b76464 4353
b76f89 460020
b771d9 1443
b775a5 2920
b78137 8884
b79fd7 33077
b80609 0
b830a0 392
b93adb 2
b97e69 30119
b99300 3
b9bc13 0
b9dc13 556
b9e8cd 2254
ba0c18 0
ba252a 107802
baab4d 8601
bacc50 0
bb0053 440515
bb3bfb 18239
bb5ad5 540442
bc7147 2787
bc7e4b 50007
bc8f67 2200
be0c6e 0
be1634 160191
bf19e2 0
bf1d10 0
bf6619 10009
c0b16b 1700219
c18c88 13415
c1f402 43
c254f3 0
c2a8aa 0
c2a8d2 860
c316a7 0
c33cfd 26975
c34edf 0
c35b14 35417
c38cab 12214
c42c8e 2628
c4692a 40782
c47006 15748
c48a91 826756
c4a895 2806
c4cd6b 0
c4dd23 504792
c4f051 0
c66284 0
c6a0b7 162915
c6bd01 47460
c6cc56 0
c6ce7c 212541
c6d8a0 0
c6e759 0
c7025f 0
c74899 814656
c74e53 42
c80e76 10778
c86e7b 179142
c87a8a 647
c88d2f 311
c8befe 0
c8eacb 5169
c92549 76
c940dc 1564
c97bec 30897
c99c51 21269
c9bb32 6981
ca8259 0
ca8b13 557476
caa410 1097
cb0772 0
cb8b7f 2646
cb9a1e 494
cbc28a 10140
cbd5ff 215450
cbd763 0
cbf261 11084
cc1d0d 656394
cc9dbc 52208
ccbae3 0
ccd15b 0
cd0a53 11340
cd4e17 37118
cd8d5a 0
cdaeb1 294599
cdd96b 25599
cdda0e 0
cdf6b0 0
ce1da5 142727
ce2a46 409
ce9c15 7900
cebd0a 1012817
cf0ca7 39721
cf1605 1539174
cf3e79 0
cf40e9 11772147
cf9890 13003
cff024 190418730
d0159a 0
d088a4 1488751
d0b369 178
d0d707 3892
d1aedd 67
d1f5fb 0
d26857 688
d28ceb 9853
d298df 47670
d2d762 4754
d30818 1692
d3102f 1312
d347c8 0
d358d2 0
d35a08 0
d3696a 59379
d3a231 7770
d3cfa8 163994
d40e64 1161
d4172b 56962
d4812f 226
d56ccb 0
d584f7 228
d5b38e 629
d5f248 11789
d60dc6 1925
d6101b 204
d6190f 0
d6391d 0
d68582 2010
d69fac 792518
d6bfb6 11384
d72d1e 1177
d7756e 48
d7afcd 29067
d7b7f5 22778
d80492 0
d8197c 451653
d81fa6 17873
d85079 12
d8624d 13412576
d890c4 62868
d891db 162353
d8ac2d 51536
d99d65 291433
d99e99 2344900
d9eb0d 5
da13c1 519
da1d46 1056
da3197 8062
dae02d 260474
db43fe 4785
db9b8c 7780
dc0c33 0
dc508f 2192
dcb742 7
dd1811 6727
de6b27 4604
de8ecb 0
debc69 158
debf63 52
dedfe5 3460
df0318 63105
df0dfc 4684
df0e83 0
df1342 12
df4c35 15396
df7196 1103
df9734 2636
dfbb9e 0
dfd307 197105
dfe101 713
dfef39 0
dff014 0
e05747 402455
e06a02 1074
e099f5 0
e09fe3 753
e11bd2 1456029
e16f97 6906
e17b48 41445
e1daa5 159793
e1e8b1 14451
e20c72 21174
e23926 58332
e26581 2
e2e283 2785
e31821 5
e501fd 1385
e50658 3409
e52869 4764
e52929 1284
e52c32 39515
e5f94a 19403
e61120 553901
e626a2 7455
e6e6a6 114
e6e891 14570
e71480 10402
e73efd 433075
e76fb8 0
e83409 5861
e843cd 856
e88ec1 620450
e8b109 254
e8bb80 96
e8cd80 278
e9538c 20
ea4126 44960
eab955 61443
eb06f3 0
eb3bb8 5322
eb6b26 22612
eb964e 26298
ebab47 9906
ec0a01 540
ec54fd 0
ec60c6 73682
ec6d25 171983
ec72de 4304100
ec857c 100
ecb9ab 5126
ecbada 1
ed6b0f 7465
edbcee 133744
ede927 2050
ee200b 0
ee5283 851
ee7eea 546
eec140 0
eeef26 11526
ef20b6 0
ef8a86 0
ef9071 209877
efd142 805
efee2d 20248
f05cdd 30
f0aaf9 1101
f0ccbb 63
f0e947 267898
f10a6e 0
f1e103 0
f206c1 63721
f22836 34
f25fc2 6170847
f30993 0
f336ee 24047
f41a3e 12460
f44a2b 2288
f4b30a 0
f4b9ac 33994
f4e639 27852
f548d6 888117
f54c3f 0
f55faa 3
f5b4b1 501
f62179 10539338
f62a97 23970
f64328 2200
f6ca55 18565
f6e36c 57725064
f6ecd9 96095
f76538 33734
f77962 19459
f7a948 383
f7c917 1415
f7cb29 12659
f7d70b 350277
f7ff7e 7159
f83c4e 1827751
f841f5 285
f85663 1398
f88c9f 15154
f8fb25 0
f90d14 60093
f90e33 0
f98de3 0
f990f4 0
f9acc6 14
fa16ce 3249487
fa6160 27471411
fa63b8 3253
fa7ef3 9369
fba29b 314
fbbe90 159
fbd024 2432
fc940d 33587
fd42f1 5174
fd79e9 38817
fd9d4d 17383
fda668 0
fdcd08 47
fe3138 28775
fe3ed2 0
ff055e 19339
ff5e7e 1294
ff9207 24
ffa636 516
