041729084a 337796
108269a3f4 41928190
136f19f002 443
15103569b1 11618860
1a737f1193 132939
2587212fa8 1157996
2a4bcd2d37 24525
3180b8d981 435043
34294c3aac 162
3e4b084af1 1777900
3f5a927cad 91
4ed1910ee5 92547
5051eb29bb 85564
50c98a691c 242995
5190e7d99f 1698
565bf1b8fa 6535224
59dbe30af3 934225
5a444e92ec 2130099
5fd89ff7fa 1241892
629124caab 1961616
6a04ea59cf 2405282
6f08716148 796697
763d771d6e 1167264
77b02c14f1 1488920
7afa61321c 6882555
8326fff28f 26722
9e4e8cd1b6 5296397
Jude 188917220
a209156060 850947
a2a8f8425c 2453581
a3dff5ce02 51311
acfbd09396 686226
aead9a8598 167227
af39cac6f6 34635304
b099e1e41c 6567078
b83b416580 545070
be75be3d72 1062664
c0f8a7389a 4126312
c1f626fbdb 21421581
c50c914363 44385
c540519e0c 7089
ca18e60176 204012
ce786b3c8f 121779168
d55ade53b5 222958
d88bd294bf 4383621
dbdf4a81a7 47393
eac4822bd7 12510631
eb216c26f9 1191706
f4131db57e 2728683
f8bf60e89c 371723
ff74354e9f 14796771
