001960f835 10163
00c4b0c9f3 0
00c83f38a1 0
014d75731e 12144
01dabfae31 1432
020cad64fc 34647
021c3abbbb 0
033058fe74 132615
0380b3aad1 0
038140e052 180730
038822e012 149
03aac32b52 567263
047081e945 0
0516433a1c 15895
0526db9f34 2251
05422ff4d1 1
05ab2a5ea2 7760
05c3bd35bb 18
05f8f33155 0
060e01f448 1760
064e9f62bc 403230
067f75fae5 74
06aecb3e65 0
06ba0b5d3d 2
06eb74fa94 13481
07476d136e 48
07698716e7 0
07bb1b2866 0
07dfca8a8c 367
083c5ad593 18432
0886ff2973 26114
089d65d74c 0
08b7021c87 179
08e745ce19 18371
08f99b81f1 0
090f66e940 0
0a4ea993aa 720
0ab8faa026 0
0b0476c2f9 6751
0b0f269c24 1248
0b22010983 0
0b4a2d9cde 0
0b738d7fe9 3157430
0b76fea79c 1617
0bbfd5457d 28161
0c6860ce34 0
0c7b16ac7d 0
0c8a19ce13 0
0ccbd5c766 0
0d01e9a8b6 843
0d05f924e0 868
0d3e4b805e 326
0da0652b45 7254
0df8584bb0 2100
0e551cd42d 9944
0eb3f204c7 0
0ef4648520 28
0f484bb63e 108
0f4df08eb2 8700199
0f7708cf76 0
0f9522fb9a 0
106f748f43 780
1078137d3b 322030
10a1070936 0
1101840179 0
112540418a 0
1152c47291 0
11a916f94f 161
11ac80a701 977
11ec644ee7 315634
12134a38ec 0
126a600caf 3411
126b348fee 0
12c3c93143 141932
12c9b7f3af 0
136e3a8a9b 122
137c8b8279 6681300
13909c3193 0
1423c68d33 59488
1461865b61 815
147c0e117b 0
14886908af 222
14a04e7c48 0
153d2b44f1 104586
15a80f5297 6197
15c726b7b4 0
15e7802cbc 0
15f5a5c9f2 1822
168389e788 0
169fde3590 46978
16eb0ea838 124
17903094f6 106
17cc334526 0
17ead91a9c 1637
17fcf17cc6 17434
180b0b04f2 0
1819bbd798 8956
1835368aff 4370784
185473cd43 387
19a9246e89 0
19b18c71af 19
19d7967981 0
1a51e5a577 495
1a53e9cab0 4871
1bfdbc7b6f 0
1c73ece3ee 2684
1cabce4eb0 19556
1cca609621 670269
1ccbd7ed9a 30680
1cebfdf9d2 1720
1dd0ec832a 0
1de4cd39fe 0
1e0ce1394e 128
1e142aee9c 0
1e45d9879d 20
1ec87ce576 0
1ed5e45795 0
1eee1891f6 59497
1fb768c6ff 1
203994b820 0
205ab6aeb7 0
20e059abfd 402
210cb40b95 0
2135e6ecf3 11716
21b52df2ed 2432
21baab1895 3382
21ce4ba280 14398
22394e3f99 17
2265cc3df2 29
22985f4d84 7954
22bacc7610 7909
230856a175 1376
23d0d94033 6
23e57a9234 0
249329c39d 0
2496af970e 1247
24b32334e9 0
24c6f4944b 0
24f2eb50de 457
25296ddb77 438
25373d52c9 431
2539497997 5285
25630387b1 0
258fb65c26 241
25979efdbc 12092
25a67e043e 118
25b61731e0 49
25e08484d7 0
261cd6cdb1 0
262d0bfd43 248
2648f25df2 0
2681ff29f2 7
27612add7b 10852
27820efc7c 349
27877c2a6a 0
27bf69333b 1287
27c583805f 12
27dae7cdc5 0
27f6e44466 97
27fa6c2d2a 480
28276f0f61 0
2852b6aec5 0
28a7f24027 109498
28d331bfc3 971
28f997a313 27254
29450c735f 37716
29aa8d896a 2062
2a18e95d9d 0
2a18ec88f5 1211
2a20d53190 0
2a3c4a7247 0
2a79e653d1 2376
2ad8acc148 1809
2af4fbc36f 0
2bcda0298b 6411
2beb86076a 7010
2c0dce4ed3 2
2c59f1dcfd 0
2c75c4ea7d 194801
2c8f403ba4 13032
2cd93f1ff7 1785
2d574d6aff 40359
2d5c4ad521 0
2d9fe921ea 105432
2dc2c66b8d 4
2df8a16c16 2515
2ec5e4e175 0
2ee55702fa 0
2f40b8be3d 3030
2f5af808de 0
2f9fb85ca1 0
2fc5aba49f 904
2fd8b7b851 5499568
30022ccf0c 156
305d1ef728 0
305f31807f 52
30890daa4c 0
312a8fb11e 34712
31326ab22c 11
314535bf80 0
31a3460338 24
31d2f683bf 2650488
31fb9dfe69 1360
324874b453 4126
3254255581 0
3270013c37 28772
32c4a02f8c 50705
32f7ee539c 1986
333f470ea2 368
33400a97a5 18351
33431a38b8 0
33f60f2a8b 0
348dee6651 7327
349129d621 77
34e8af648c 320
35008a4ac8 5227
3543f25e21 0
35df4484ec 1162
36bdfd58be 423
36e5766fce 0
37091c6297 2415
3743add0ce 572
37983d528d 3
37b5827760 76
388359a58c 8987
38a75459bb 2
38a91d40d9 2234
38c1e54efb 0
38dcdef01b 0
395eb47e41 1
39d4425da0 154784
3a1572c052 0
3a17f1d715 0
3a4dc0b2e4 0
3a5cfb551b 51375
3a604b4e54 18
3a8b3a5fcb 0
3acbcdb1c2 10814
3ad06e3a53 8109
3addc38ddc 0
3af02078cc 8
3b0026e31d 33
3b350726ed 0
3b46de627a 0
3b8ad90986 14
3ba6339fd4 1
3c3d8b1664 23663
3c3f75562f 59
3d123e093c 499
3d28b99eb2 0
3d4d6166d0 2
3d718b40fd 0
3db27d5750 0
3e218b1764 57426
3e337b63c0 3510859
3e955fd307 0
3ef47d3bb8 9187
3f6a68e371 0
3fa1e9e200 0
3fca1bb6a6 0
40394387e9 0
405fce7a1f 188
40dde8a30f 0
40dfd306a2 1415
41016f1dc0 1170
4108dd0ab8 0
4117fd9ea7 0
412fe8d9c8 80
41769a7b94 0
418b6625b4 1593
42fe205be0 0
43525acf51 459
436d3f4a8c 0
43890254ac 11503
43e62389b4 1510
447126e167 68528
44a0cfc580 35
44df1789b3 0
4592afa629 223
45bcb066ec 300254
4608b651bb 104
460ab7e823 2547
4624c14770 0
462e6e3a06 3221
468c89b2d5 0
469e061956 0
46a39d594c 670
472647e271 602
47d53e94a9 146
48243ced1f 11
4857f04489 0
485fb0ad75 0
4861fc9c9a 0
48865e7703 915
48af53ca0a 421233
48b89054ad 0
48dfd6185f 1641
48f85b26bc 0
49131b0b7f 243
49237a37d9 25641
498b754e74 1110
49b378109c 0
4a1a89917a 675
4aaa1427ec 23972
4ab2fa40a8 0
4ab80b3293 958
4c510687e5 0
4c5c9850d6 0
4deafb1647 100
4dec895ba6 0
4ee428f7ab 36910
4ee9a3be52 0
4f160f0d6f 752
501665045b 1430
501a666954 29946
503ffe3d2e 111
5046133b3b 0
505b892ff0 0
50c12aa1ec 0
50d4dad064 0
50ddfa43c9 0
50dfc94aa9 831
50e44bbb9a 22988
514d309d79 4
518c50cf14 3
51bcdf1d20 0
51d9f2c6e9 21
51ecaa2175 0
520b6af832 0
52103a3602 199
526262acbb 2435
52b11bf85b 4501
52ec20ce16 532
5355457006 396
5376d6c605 21493
53d62d8f47 423313
54153ac7c8 362
542c1026e3 3899
546fb68547 10535
5470ad75ce 0
54839e0448 1845
549175f921 0
549c56d35d 0
55528f18ef 0
556f770b7e 0
55d1dba2b4 0
55ef6760b8 0
56463f297c 5398
56e86920ce 1095
570856f3a9 773
572a624d32 0
5744af74ff 0
57ae65c1d2 0
57d8cbd61a 0
5824726ef3 0
5840ced360 0
5915b9c9f8 0
596591074c 221
596ab25b9c 0
59acb78e46 30717
59d5ecabe9 33925
5a0b2aa287 31695
5a1369e461 1577207
5a19476c19 74
5a613a5950 0
5abdeda5b9 54477
5afd9be6a0 1861
5b40f2de27 734
5b55779b2f 775
5b6fa3e5d3 0
5c2aa1c694 46781
5cc1174414 15417
5cd234b38b 109
5cf3a0e71e 1004
5cf65f0744 127
5d161bdf1b 691
5ddde98893 0
5e036c2b72 0
5e03e30153 0
5e059b6917 26
5e2ab9ca7a 0
5e74435745 325
5eaf7876ec 34429
5ef42c34c6 0
5f2009f8ba 0
608aa95e0e 12546
6100b9a6f6 6
6209822eeb 985
623b4ec957 1064
62e7648e19 28
62f5f176da 43194
62f7582068 0
631a276b29 0
6331035c9c 21
635c04d583 0
636ba59fe9 0
6482bd35a1 12442
64f31fd348 23050
65570282eb 169959
656b3ab37f 0
65829edd45 0
65cb8659ad 3108108
6668523c21 0
666d83d9cf 0
668f072975 139589
67160bf4c1 0
674e737764 22
684125f8e9 157594
6844390fca 476154
68771529dd 2055
68862619ef 17725
68a715b964 544647
68d0629344 0
694ed34166 278070
69b03d1412 0
69f6350794 23468
6a2ca8e355 9610
6ade1d104b 7958
6b367250f2 0
6bfe3d0ffc 0
6c707e02d1 1250
6ca1ddedec 326805
6cf24812fd 641
6d084294ce 0
6d2ac506ba 338394
6d9b199067 0
6e292f745e 3326
6f40ee512f 4338
6fc7de6b58 167
700b5fd598 46
7016d3ec24 2966
701b0c9378 0
7022144f65 1953
70293635db 172975
705a9ce7cd 1839
70b09166ab 136
715cc132a1 191
7191a24192 0
71a89cc995 104370
71d199d38d 0
7207936524 268104
720c04137d 0
723d169a43 441
73805b6915 418
7416bf1dab 0
74171457ad 759
743e0651b2 0
7456bd124f 0
7478dbbf12 4159177
74cbba02d0 1858
7519119a5c 0
752f0181df 0
752f8dbd73 21
75621d78f5 0
75ac5f8dff 3155
75c78eddc8 3676
75ff22eab8 0
765e31ead0 3026
766db73023 1964
76d261fd6f 2268
7802406858 0
780af89388 0
78470d91cc 0
7859c45748 0
787cd94ab6 7555
7934de4fa5 691
795b92ad31 39
799bc854fe 0
79af2b353a 101
79d05688c5 28
79e370a18d 64
7a1098b38e 0
7a256d372b 823
7a9bd7abd9 29
7aab149d52 0
7b2df475fc 0
7b89de9901 0
7bbec0ca78 79
7bd747f4bb 3
7be2ec6336 0
7c5fb58806 30
7caaa50c93 0
7cb6e5c357 78
7cbe14c4c3 9699
7cdf9880e5 5075161
7dc7e80c53 0
7e63d6af7a 0
7e6bfaf2a3 3013858
7eb7139ebe 19977
7ec90312c8 0
7f31e03e7e 0
7f5e477547 1732
7f75eee53a 3503
7f78480aad 197
7fe88d867b 0
7ffc5d5442 2
806929b7e1 0
8080fd85c9 756
809d50def6 157197
80ded4a2ee 209825
8164e7f1ed 0
81cf622eab 453565
8208352ce0 333
8221471a94 24
8268e3148e 12566
82aabaa095 0
82e04378fd 1598
8334ceb5d1 0
8335e29dad 0
835f1ab157 0
836d5ce041 696
838e75db66 7
83ae8d3dc6 0
844140fd6a 61973
84ce191322 6146
850b9a5df0 73074
8589b8d562 24971
85dba4bdf6 0
860c00170b 94919
861b812e1d 4266
868023381a 1177093
86c1f09e8c 2080
86cbe5ee75 0
87233ddb2b 68
8753285c91 134
880092b353 0
8809500109 0
88905f5fd8 242
8898d36599 0
889b3e4287 0
88c156d88b 775
8943c2f5c7 27266
896600ab38 471
89a6347f5d 22542
89a7267697 0
89b76ce2ed 0
89c58135a6 0
8a319d4578 0
8a758e5b62 7354
8afe7dee24 0
8b700c1a01 140922
8b84bcbaeb 790
8b84ddfd2c 44572
8b86798fa1 15426
8be57a25e9 0
8c1bf95404 165
8c41486829 8989
8d9edc15b0 0
8dd3988042 3953
8e283272b3 0
8eb5af03c6 0
8f097b6503 0
8f2d8c8ce8 0
8fdf995569 101641
901bf9d36f 56566
904c06db23 0
9095672d54 433054
9107f77855 2169
91426bdff2 387
9154bcb29b 666
9155b3f6b9 6371
91a4315b57 2167
91ea69ef08 450
9227940b55 0
9231b2f5a8 0
92f82ea622 0
933ae41add 0
93b95e0143 614
9421003068 0
94bd46e197 28886
94caf9389c 29972
95cb3acda5 6216
9665215fe6 50
96899862eb 484
969ee65dd5 693
96a383b097 19233
96b8def884 0
96ca2d9dc8 0
96d591c5e3 0
96ddad7d06 0
96e6943056 0
96fbcb3186 0
9764dd0d61 4025
97a02ae863 0
982965062c 0
982a68bb4b 0
9860a2ccd3 25253
986231e680 30652
98824beb2f 298
98971920be 0
98d24f4616 0
98ed9cc578 0
98f9005165 2427
99a6752eb6 0
99c9bd21b3 0
99d8f87df2 31254
9a6d404456 0
9af77efa12 35
9b408dfea0 897
9bb1516865 21
9bb884f4bd 0
9be3ecf3cf 0
9beb317141 697
9c01e0fa2e 571
9c68dea802 0
9ca3ac4dcc 0
9d063e94db 17354
9d80615630 2
9d8efd5447 1326
9dc2739fa6 0
9ed1bf7910 21708
9ed97213d1 0
9fc2a26c6e 0
9fe6e8f7fc 0
9ff12df169 58675
Jude 417296630
a02b166ec1 0
a02eaecc9d 484566
a03dc984e0 0
a13eb04e1e 0
a18d5bbcd9 37543
a191923944 356
a2358716cb 0
a23f69ce15 79658
a25c63b008 0
a29e704d2b 0
a2c0b09f21 6107
a2d1359d57 446
a3ebc0a101 1830
a3f9ba5b81 2096316
a3fd4cff90 86809
a4cc54994d 0
a4d550fbed 386
a4e4960c61 172154
a4e976e2e4 12
a5505a9e7c 12
a551b80a03 0
a574cdb8c6 0
a5df57c999 227
a62688b93d 429
a68575e0a4 889032
a68caed5c1 30569
a6c11d9c60 0
a6c6082f26 0
a7c03f39cb 0
a7ccbb026f 391
a7db15072e 0
a81d7f496a 0
a877b6d452 42769
a88e53ee10 4634
a8ab1f2d9e 109097
a8c48655bc 56
a90eac454d 271
a9a0c83713 1144
aa3e405031 0
aa6707c79b 19849
aa8f1b7f22 23133
aaad18ab73 99
ab4692631d 0
ab519553f1 135
ab90d2d892 554
abf2a6bf5f 82
abfd156429 7610
ac17bf6da6 0
ac3a8ab6d4 337151
ac6a75e1c9 2322
ac6f7b6e6f 2146
ad0660243c 9062
ad5ae61588 36992
ad92905d7b 0
ae002f3919 23972
ae10d6189f 0
ae72ba01a3 37130
aed9a89f8f 0
af084d36e2 0
afb7ef7e1b 74
afc846cf3d 2355
afffdc82ce 0
b03389cc01 0
b044a7f747 567
b04921161d 325888
b060f1c1a7 10407
b0779ec22d 10996
b097338903 88846
b0ab27a772 0
b0ba4b2935 231
b1117e2893 8960
b11c3d6ab2 0
b176ba93cd 6707
b18ae58100 0
b1993b9baa 61
b1baf51a77 0
b21317664c 9
b305da39df 0
b348641286 0
b384bdbe76 97417
b454557c7e 0
b4604599f3 0
b465152764 0
b4bf82bc79 0
b4cf5618e1 18
b516825619 5277
b55cbae8ec 719
b596f8eef5 0
b5a1356c3a 1293
b5a9852421 1449
b5ace38af5 0
b6abbd481d 0
b8081d7195 0
b80ca8a463 0
b80eee53fb 0
b83b23254c 1526
b851a04d7a 24
b888477009 0
b8cd6502cc 0
b8d01c3e38 2286
b9279564cb 277862
b96dbdc9ee 0
b98da742ea 0
ba6dc7fb61 1108
ba7372e32a 0
ba811758c0 0
baaee9de16 0
bac8d71db0 0
bae4fd6a0a 5096
baf5909006 0
bb0681f5f4 217313
bb3cf1d35f 4333
bbed7ac59c 461279
bc09965df9 128105
bc314cb7cc 2830
bc5df190ab 0
bd64fcaa98 0
be11fe559b 0
be4b5ddb7b 618
be9301e3e4 18
beb5bbb0e1 40
bececed393 0
bee4ed4937 0
bf0a059efb 0
bf1dcf4de3 494
bf2b7e07f2 0
bf4c0196c1 235
bf5adbf40a 147
bf64ec829e 0
bf6f445d81 10977
bfc33fb6aa 1447
bfe8da4116 0
c002610b93 91
c01795ad6f 12376
c0c2f122d8 0
c12be060f5 490640
c1763ee914 19052
c22c8841ea 50086
c24eb0592c 0
c29fdaf560 0
c2c3c4cdbf 19994
c2e8485327 114
c4686390e7 1899
c479076cea 10409
c491121bea 1413
c4bb07e310 1857
c4bfccd2a0 86
c547233786 57614
c577c51de8 0
c5819ee4a0 0
c5985884e7 0
c5eba898e0 140668
c68c95e196 0
c6917392ab 4751
c73b3153c7 2990
c7b8420d32 0
c7c4c08e0a 416
c7e3413836 2296
c7ea7756b3 0
c7eb67b6d2 148908
c831e02b6c 400
c8496008f1 0
c85cbaaf5b 0
c86244ae7b 0
c87c33c7fa 12
c931415008 26075
c96128fb49 713
c9ccc537e0 32
c9d71fb367 0
cad41b4277 37180
cb0ecbab4f 0
cba9ed4bbf 4025616
cbe86cc3b8 164599
cc05a5d2d7 0
cc5f20bae4 0
ccb200b107 0
ccf94ae1ff 3819
cd175d296f 373249
cd64ff0de0 0
ce38800a83 0
ce5083211b 607
ce62f218a7 1534
ce9567e00e 2876
cea9c0fb47 38738
cee0258ddf 0
cf3626cb2f 0
cf9f8538bb 167704
cfe57a3b00 34457
d03225acd2 199216
d05fb1551c 6186
d068e22997 0
d0d3b9f913 1696
d1274cb4d5 357534
d18fe01d2b 0
d1d00040e0 322
d1da87df12 13
d23800efd2 1157154
d23e191225 97
d2ca09233e 137
d2cee53636 0
d39c6ab00c 0
d3da5a8c9e 0
d3f05c315e 0
d4995da7dc 15
d4cde76afd 1509
d589447745 10748
d5c83f59ea 193
d5ca418dcc 930
d61ba6a8a0 856
d68d9275b0 0
d69cbffab7 388
d6d5f964f7 958
d6db992d41 3980
d71129064f 990
d71547dc8f 10598
d71cb380e9 3
d748afdff3 223
d7983e28d6 0
d7b776153c 11415
d7e0afd076 490594
d7e6165b53 0
d80a7aa06b 0
d83296866b 1425984
d839092dd0 2402
d8b27c9889 0
d8c9adc2a8 0
d8f846d9ec 251
d8fea20c1d 1307
d92314c796 762
d92b074e5e 3821
d99a165242 78592
d99ac19a80 2798
d9cf604a7c 253
da76151972 31106
dadd979620 1531
daf4eedfd4 150
db0acc8037 0
db1e939777 68894
db5c4be24e 60
db7d964da3 191987
dbbe870bbf 90
dbe96cb0c5 4167
dc46342fd4 8386183
dcba31f306 608
dcc5137cf9 0
dcdfe1dee3 58
de00e86d86 0
de4d6a70cd 0
deb71af995 0
df3c61dff7 221
df7a8fd0dc 3210
dfc17318e4 3150
dffad1dada 258
e022ce5e11 514
e02def6381 0
e0b811a346 0
e1050ae6c8 148
e10885ecad 0
e12ed4c42e 17452
e13a35f4cf 0
e152dfd1f1 37320
e185f5195e 3825
e18ac1e74c 0
e199695022 0
e19cb40372 0
e1f12ab428 0
e24027dffa 225
e29d458aea 27
e2df2c191f 107449
e2f98b1e60 705
e37b4269d7 7551
e3a3786b11 0
e3accf44a0 1881
e3c434fb21 0
e3c5a25031 0
e3d5b7f7ff 583673
e4237e46b1 0
e47489da39 0
e4a6982ed5 0
e4becad61c 96
e4cfd2e1b7 0
e5391ae737 0
e53a8aa3cc 0
e54f54ebc6 22951
e589b98789 0
e59c4cbb91 0
e5e2551a11 3
e5ec6bd192 5991
e6123638b8 9161
e6789ae1d4 557
e6b9c4eafd 23225
e6d88eafb0 1510
e6fc558f8b 0
e73a26806a 1
e7d8fc86e6 31282
e84d9ce863 0
e865a0bc56 0
e8909d98c2 12
e8922dc5e0 6886
e9063aa482 0
e916e2d056 11491
e96bab9007 121419
ea08164945 0
ea0c25c57b 292259
ea31e12942 0
ea9c3cb389 88348
eaf38cfe74 0
eb1a6bc0c3 51698
eb28d382fa 76
eb758210e5 85302
eb8961998c 46
ebafb252cf 189
ec561d61a7 35
eca66f2b37 0
ecd61a9f7d 683
ecd8bcb913 11232
eceb75989d 0
ecfcb5e7f5 284
ed10fc0f98 0
ed175b561b 40
ed827d211d 231
ed8622f1f3 55
edc3cd10d2 920
eedbf0a76a 851
ef0b629f76 0
ef71e5ac75 11531
ef825b4849 0
eff8a0900b 1
f0624a74a0 104106
f0a6f0427d 123102
f143829905 1060984
f1468de741 17910
f14bcbdd85 5165
f177c7b35a 1434
f19fe785f4 0
f1e00ef985 41
f20e446f7b 522
f23b1ef55e 0
f26663de9c 0
f2b98b6959 183
f3102c92f1 56
f3385cb50d 6970
f37cd3da82 12399
f38f7517b6 1766
f47925bd40 401
f49dad916c 0
f4bca24252 408
f4be4b60c9 1911
f5938e18a6 681562
f5c2df771d 0
f5f0d20738 0
f627fa71c0 8491
f62c0e468f 0
f6d2e09e70 0
f71e062072 2513
f720524906 18126
f7798e98bd 2645
f7bed6b634 1625
f853d0dc03 336
f9254ce50a 0
f9659cab2a 3471
f97ad847fa 0
f9d0f1a27d 0
fa8403c255 2787
fa908c95d5 0
fad628939f 0
faf094d5d8 0
faf4e576de 8644
fb82fc59f2 0
fbbc08e577 168733
fc0de88c35 0
fcb7041680 5187
fcd485b0c7 0
fd231c45ee 20080
fd6a187414 177081
fd964407d7 2141
fdcfb6cbce 18046
fdeb504ea3 0
fdfbad41fe 0
fe438e3b3f 14321
fe5f125ae3 2803
fe65b673fd 1119
ff0d6e4f2c 0
ff4c68ad9a 785
ff653d819d 261
